
> temp-app@0.1.0 build
> next build

▲ Next.js 16.1.6 (Turbopack)
- Environments: .env

  Creating an optimized production build ...
✓ Compiled successfully in 3.7s
  Running TypeScript ...
  Collecting page data using 15 workers ...
  Generating static pages using 15 workers (0/9) ...
  Generating static pages using 15 workers (2/9) 
⚠ metadataBase property in metadata export is not set for resolving social open graph or twitter images, using "http://localhost:3000". See https://nextjs.org/docs/app/api-reference/functions/generate-metadata#metadatabase
  Generating static pages using 15 workers (4/9) 
  Generating static pages using 15 workers (6/9) 
✓ Generating static pages using 15 workers (9/9) in 810.3ms
  Finalizing page optimization ...

Route (app)          Revalidate  Expire
┌ ○ /                        1m      1y
├ ○ /_not-found
├ ○ /admin
├ ○ /admin/draft
├ ƒ /api/ai-seo
├ ƒ /api/posts
├ ƒ /api/posts/[id]
├ ƒ /blog/[slug]
└ ○ /robots.txt


○  (Static)   prerendered as static content
ƒ  (Dynamic)  server-rendered on demand

